Started: Wed Mar 25 11:14:29 GMT 2026

══════════════════════════════════════════
▶  7_Viz_Descriptive_Clustering.ipynb
══════════════════════════════════════════
[NbConvertApp] Converting notebook 7_Viz_Descriptive_Clustering.ipynb to notebook
/Users/leoss/Library/Python/3.10/lib/python/site-packages/nbformat/__init__.py:96: MissingIDFieldWarning: Cell is missing an id field, this will become a hard error in future nbformat versions. You may want to use `normalize()` on your notebooks before validations (available since nbformat 5.1.4). Previous versions of nbformat are fixing this issue transparently, and will stop doing so in the future.
  validate(nb)
[NbConvertApp] Writing 40975 bytes to 7_Viz_Descriptive_Clustering.ipynb
✓  Done: 7_Viz_Descriptive_Clustering.ipynb

══════════════════════════════════════════
▶  8_Viz_ML.ipynb
══════════════════════════════════════════
[NbConvertApp] Converting notebook 8_Viz_ML.ipynb to notebook
/Users/leoss/Library/Python/3.10/lib/python/site-packages/nbformat/__init__.py:96: MissingIDFieldWarning: Cell is missing an id field, this will become a hard error in future nbformat versions. You may want to use `normalize()` on your notebooks before validations (available since nbformat 5.1.4). Previous versions of nbformat are fixing this issue transparently, and will stop doing so in the future.
  validate(nb)
[NbConvertApp] Writing 316052 bytes to 8_Viz_ML.ipynb
✓  Done: 8_Viz_ML.ipynb

══════════════════════════════════════════
▶  9_Viz_Regression.ipynb
══════════════════════════════════════════
[NbConvertApp] Converting notebook 9_Viz_Regression.ipynb to notebook
/Users/leoss/Library/Python/3.10/lib/python/site-packages/nbformat/__init__.py:96: MissingIDFieldWarning: Cell is missing an id field, this will become a hard error in future nbformat versions. You may want to use `normalize()` on your notebooks before validations (available since nbformat 5.1.4). Previous versions of nbformat are fixing this issue transparently, and will stop doing so in the future.
  validate(nb)
[NbConvertApp] ERROR | Notebook JSON is invalid: Additional properties are not allowed ('outputs' was unexpected)

Failed validating 'additionalProperties' in markdown_cell:

On instance['cells'][1]:
{'cell_type': 'markdown',
 'id': '001d704e',
 'metadata': {},
 'outputs': ['...0 outputs...'],
 'source': '# Regression Visualisations\n'
           '\n'
           "**Capstone — Moody's Ratings**  \n"
           '*I...'}
[NbConvertApp] Writing 614354 bytes to 9_Viz_Regression.ipynb
✓  Done: 9_Viz_Regression.ipynb

══════════════════════════════════════════
▶  10_Robustness_Regression.ipynb
══════════════════════════════════════════
[NbConvertApp] Converting notebook 10_Robustness_Regression.ipynb to notebook
[NbConvertApp] Writing 35438 bytes to 10_Robustness_Regression.ipynb
✓  Done: 10_Robustness_Regression.ipynb

══════════════════════════════════════════
▶  11_Robustness_ML.ipynb
══════════════════════════════════════════
[NbConvertApp] Converting notebook 11_Robustness_ML.ipynb to notebook
[NbConvertApp] Writing 8327 bytes to 11_Robustness_ML.ipynb
✓  Done: 11_Robustness_ML.ipynb

══════════════════════════════════════════
▶  13_Appendix_B_Charts.ipynb
══════════════════════════════════════════
[NbConvertApp] Converting notebook 13_Appendix_B_Charts.ipynb to notebook
/Users/leoss/Library/Python/3.10/lib/python/site-packages/nbformat/__init__.py:96: MissingIDFieldWarning: Cell is missing an id field, this will become a hard error in future nbformat versions. You may want to use `normalize()` on your notebooks before validations (available since nbformat 5.1.4). Previous versions of nbformat are fixing this issue transparently, and will stop doing so in the future.
  validate(nb)
[NbConvertApp] ERROR | Notebook JSON is invalid: Additional properties are not allowed ('outputs' was unexpected)

Failed validating 'additionalProperties' in markdown_cell:

On instance['cells'][1]:
{'cell_type': 'markdown',
 'id': 'md0',
 'metadata': {},
 'outputs': ['...0 outputs...'],
 'source': '# Appendix B: Specification Sensitivity Charts\n'
           '\n'
           '**Capstone Proje...'}
[NbConvertApp] Writing 336494 bytes to 13_Appendix_B_Charts.ipynb
✓  Done: 13_Appendix_B_Charts.ipynb

══════════════════════════════════════════
ALL DONE: Wed Mar 25 11:18:21 GMT 2026
Charts saved to: outputs/charts/
PNG count: 24
